128x128@2.tar
64@openssh.com
64x64@2.tar
admin@digsigtrust.com
agmartin@debian.org
alex@googlemail.com
alvar@meiko.co
and1000@debian.org
aron@debian.org
basic@thawte.com
beattie@canonical.com
biebl@debian.org
bigon@debian.org
Binary file /etc/apt/trusted.gpg.d/ubuntu-keyring-2012-archive.gpg matches
Binary file /etc/apt/trusted.gpg.d/ubuntu-keyring-2012-cdimage.gpg matches
Binary file /etc/apt/trusted.gpg.d/ubuntu-keyring-2018-archive.gpg matches
brian@canonical.com
ca@bankengine.com
ca@certengine.com
ca@digsigtrust.com
ca@fortengine.com
ca@mailengine.com
ca@traderengine.com
cert@argedaten.at
certificate@trustcenter.de
certify@pca.dfn
certs@thawte.com
clameter@debian.org
davies@canonical.com
devel@lists.alioth
dressler@gmail.com
e2scrub@host.domain
ejad@debian.org
filippo@debian.org
freemail@thawte.com
gunnarhj@ubuntu.com
hmh@debian.org
hmh@rcm.org
info@netlock.hu
info@valicert.com
intrigeri@boum.org
ips@mail.ips
iwamatsu@debian.org
jamie@canonical.com
jmknoble@mercury.interp
jon@jon.demon
jplejacq@quoininc.com
jtang@tresys.com
kahan@informatik.tu
kees@ubuntu.com
kel@otaku42.de
kirkland@canonical.com
license@farsiweb.info
mario_limonciello@dell.com
martin@piware.de
mike@piratehaven.org
miquels@cistron.nl
osamu@debian.org
pitt@ubuntu.com
premium@thawte.com
printing@lists.debian
quigley@canonical.com
rafael@debian.org
rene@debian.org
rleigh@debian.org
rohangarg@kubuntu.org
server@thawte.com
sjoerd@debian.org
tytso@mit.edu
user@example.com
username@site.domain
walters@debian.org
webmaster@belsign.be
x@lists.debian
